export const logs = [
    "Linux version 5.4.0-1045-aws (buildd@lcy01-amd64-026) (gcc version 9.3.0 (Ubuntu 9.3.0-17ubuntul~20.04)) #47-Ubuntu",
    "Command line: BOOT_IMAGE=/boot/vmlinuz-5.4.0-1045-aws root=PARTUUID=5198cbc0-01 ro console=tty1 console=ttySO nvme_core.io_t",
    "KERNEL supported cpus:",
    "    Intel GenuineIntel",
    "    AMD AuthenticAMD",
    "    Hygon HygonGenuine",
    "    Centaur CentaurHauls",
    "    zhaoxin Shanghai",
    "x86/fpu: Supporting XSAVE feature 0x001: 'x87 floating point registers'",
    "x86/fpu: Supporting XSAVE feature 0x002: 'SSE registers'",
    "x86/fpu: Supporting XSAVE feature 0x004: 'AVX registers'",
    "x86/fpu: state_offset[2]: 576, state_sizes [2]: 256",
    "x86/pu: Enabled state features 0x7, context size is 832 bytes, using 'standard' format.",
    "BIOS-provided physical RAM map:",
    "BIOS-e820: [mem 0x0000000000000000-0x000000000009dfff] usable",
    "BIOS-e820: [mem 0x000000000009000-0x000000000009ffff] reserved",
    "BIOS-e820: [mem 0x000000000000000-0x00000000000fffff] reserved",
    "BIOS-e820: [mem 0x0000000000100000-0Ã—000000003fffffff] usable",
    "BIOS-e820: [mem 0x00000000f000000-0x00000000ffffffff] reserved",
    "NX (Execute Disable) protection: active",
    "SMBIOS 2.7 present.",
    "DMI: Xen HVM domU,",
    "BIOS 4.2. amazon 08/24/2006",
    "Hypervisor detected: Xen HVM",
    "Xen version 4.2.",
]